2026-07-12 16:55:21.715 [info] Reading sessions from keychain...
2026-07-12 16:55:21.715 [info] Getting sessions for all scopes...
2026-07-12 16:55:21.715 [info] Got 0 sessions for ...
2026-07-12 16:55:21.715 [info] Getting sessions for all scopes...
2026-07-12 16:55:21.715 [info] Got 0 sessions for ...
2026-07-12 16:55:21.715 [info] Getting sessions for all scopes...
2026-07-12 16:55:21.715 [info] Got 0 sessions for ...
2026-07-12 16:55:21.715 [info] Getting sessions for all scopes...
2026-07-12 16:55:21.715 [info] Got 0 sessions for ...
2026-07-12 16:55:21.715 [info] Getting sessions for all scopes...
2026-07-12 16:55:21.719 [info] Got 0 sessions for ...
2026-07-12 16:55:22.018 [info] Getting sessions for read:user,repo,user:email,workflow...
2026-07-12 16:55:22.018 [info] Got 0 sessions for read:user,repo,user:email,workflow...
2026-07-12 16:55:25.145 [info] Logging in with 'any' account...
2026-07-12 16:55:25.147 [info] Logging in for the following scopes: read:user repo user:email workflow
2026-07-12 16:55:25.796 [info] Trying device code flow... (read:user repo user:email workflow)
2026-07-12 16:57:17.621 [info] Getting user info...
2026-07-12 16:57:18.175 [info] Got account info!
2026-07-12 16:57:18.176 [info] Storing 1 sessions...
2026-07-12 16:57:18.450 [info] Reading sessions from keychain...
2026-07-12 16:57:18.450 [info] Stored 1 sessions!
2026-07-12 16:57:18.450 [info] Login success!
2026-07-12 16:57:18.781 [info] Got stored sessions!
2026-07-12 16:57:18.781 [info] Got 1 verified sessions.
