2026-07-18 13:00:04.200 [info] Telemetry level is off
2026-07-18 13:00:04.200 [info] Experiments are disabled, only manually opted experiments are active.
2026-07-18 13:00:04.200 [warning] Dir "/voc/work/.pixi/envs" is not watchable (directory does not exist)
2026-07-18 13:00:04.200 [info] Starting Environment refresh
2026-07-18 13:00:04.200 [info] Searching for interpreters in posix paths locator
2026-07-18 13:00:04.200 [info] Searching for pyenv environments
2026-07-18 13:00:04.200 [info] Searching for conda environments
2026-07-18 13:00:04.200 [info] Searching for global virtual environments
2026-07-18 13:00:04.200 [info] Searching for custom virtual environments
2026-07-18 13:00:04.200 [info] Skipping ActivatedEnv Detection:  process.env.VSCODE_CLI !== '1'
2026-07-18 13:00:04.200 [info] Skipping ActivatedEnv Detection:  process.env.VSCODE_CLI !== '1'
2026-07-18 13:00:04.200 [info] Finished searching for custom virtual envs: 35 milliseconds
2026-07-18 13:00:04.200 [info] pyenv is not installed
2026-07-18 13:00:04.200 [info] Finished searching for pyenv environments: 35 milliseconds
2026-07-18 13:00:04.200 [info] > conda info --json
2026-07-18 13:00:04.200 [info] > hatch env show --json
2026-07-18 13:00:04.205 [info] cwd: .
2026-07-18 13:00:04.205 [info] > pyenv which python
2026-07-18 13:00:04.205 [info] cwd: .
2026-07-18 13:00:04.205 [info] Finished searching for global virtual envs: 87 milliseconds
2026-07-18 13:00:04.205 [info] Found: /bin/python --> /bin/python3.10
2026-07-18 13:00:04.205 [info] Found: /bin/python3 --> /bin/python3.10
2026-07-18 13:00:04.205 [info] Found: /bin/python3.10 --> /bin/python3.10
2026-07-18 13:00:04.205 [info] Found: /bin/python3.8 --> /bin/python3.8
2026-07-18 13:00:04.213 [info] Found: /usr/bin/python --> /usr/bin/python3.10
2026-07-18 13:00:04.213 [info] Found: /usr/bin/python3 --> /usr/bin/python3.10
2026-07-18 13:00:04.218 [info] Found: /usr/bin/python3.10 --> /usr/bin/python3.10
2026-07-18 13:00:04.218 [info] Found: /usr/bin/python3.8 --> /usr/bin/python3.8
2026-07-18 13:00:04.235 [info] > /bin/python -I /usr/local/lib/code-server-4.103.2/lib/vscode/extensions/ms-python.python-2025.12.0/python_files/get_output_via_markers.py /usr/local/lib/code-server-4.103.2/lib/vscode/extensions/ms-python.python-2025.12.0/python_files/interpreterInfo.py
2026-07-18 13:00:04.246 [info] > /bin/python3.8 -I /usr/local/lib/code-server-4.103.2/lib/vscode/extensions/ms-python.python-2025.12.0/python_files/get_output_via_markers.py /usr/local/lib/code-server-4.103.2/lib/vscode/extensions/ms-python.python-2025.12.0/python_files/interpreterInfo.py
2026-07-18 13:00:04.251 [info] Finished searching for interpreters in posix paths locator: 160 milliseconds
2026-07-18 13:00:04.256 [info] Environments refresh paths discovered (event): 165 milliseconds
2026-07-18 13:00:04.256 [info] Environments refresh paths discovered: 165 milliseconds
2026-07-18 13:00:04.263 [info] > /usr/bin/python -I /usr/local/lib/code-server-4.103.2/lib/vscode/extensions/ms-python.python-2025.12.0/python_files/get_output_via_markers.py /usr/local/lib/code-server-4.103.2/lib/vscode/extensions/ms-python.python-2025.12.0/python_files/interpreterInfo.py
2026-07-18 13:00:04.272 [info] > /usr/bin/python3.8 -I /usr/local/lib/code-server-4.103.2/lib/vscode/extensions/ms-python.python-2025.12.0/python_files/get_output_via_markers.py /usr/local/lib/code-server-4.103.2/lib/vscode/extensions/ms-python.python-2025.12.0/python_files/interpreterInfo.py
2026-07-18 13:00:04.295 [info] Environments refresh finished (event): 204 milliseconds
2026-07-18 13:00:04.301 [info] Environment refresh took 210 milliseconds
2026-07-18 13:00:04.304 [info] Python interpreter path: /bin/python
2026-07-18 13:00:05.540 [info] Starting Jedi language server for work.
